// Jest Snapshot v1, https://goo.gl/fbAQLP

exports[`<Counter/> should render correctly 1`] = `
<div
  className="counter"
>
  <h1>
    I will achieve INFINITY
  </h1>
  <div
    className="count"
  >
    0
  </div>
</div>
`;
